// Jest Snapshot v1, https://goo.gl/fbAQLP

exports[`should add pokemon searched 1`] = `
Object {
  "byId": Object {
    "456": Object {
      "abilities": Array [
        Object {
          "ability": Object {
            "name": "water-veil",
            "url": "https://pokeapi.co/api/v2/ability/41/",
          },
        },
        Object {
          "ability": Object {
            "name": "storm-drain",
            "url": "https://pokeapi.co/api/v2/ability/114/",
          },
        },
        Object {
          "ability": Object {
            "name": "swift-swim",
            "url": "https://pokeapi.co/api/v2/ability/33/",
          },
        },
      ],
      "abilitiesById": Object {
        "114": Object {
          "id": 114,
          "name": "storm-drain",
        },
        "33": Object {
          "id": 33,
          "name": "swift-swim",
        },
        "41": Object {
          "id": 41,
          "name": "water-veil",
        },
      },
      "height": 4,
      "id": 456,
      "image": "https://raw.githubusercontent.com/PokeAPI/sprites/master/sprites/pokemon/456.png",
      "name": "finneon",
      "sprites": Object {
        "front_default": "https://raw.githubusercontent.com/PokeAPI/sprites/master/sprites/pokemon/456.png",
      },
      "stats": Array [
        Object {
          "base_stat": 66,
          "id": 6,
          "name": "speed",
        },
        Object {
          "base_stat": 61,
          "id": 5,
          "name": "special-defense",
        },
        Object {
          "base_stat": 49,
          "id": 4,
          "name": "special-attack",
        },
        Object {
          "base_stat": 56,
          "id": 3,
          "name": "defense",
        },
        Object {
          "base_stat": 49,
          "id": 2,
          "name": "attack",
        },
        Object {
          "base_stat": 49,
          "id": 1,
          "name": "hp",
        },
      ],
      "types": Array [
        Object {
          "type": Object {
            "name": "water",
            "url": "https://pokeapi.co/api/v2/type/11/",
          },
        },
      ],
      "typesById": Object {
        "11": Object {
          "id": 11,
          "name": "water",
        },
      },
      "weight": 70,
    },
  },
}
`;
