// Jest Snapshot v1, https://goo.gl/fbAQLP

exports[`<PageLayout /> matches the snapshot 1`] = `
<styled.div>
  <WithStyles(ForwardRef(AppBar))
    position="static"
  >
    <WithStyles(ForwardRef(Toolbar))>
      <Styled(WithStyles(ForwardRef(Typography)))
        color="inherit"
        variant="h6"
      >
        title
      </Styled(WithStyles(ForwardRef(Typography)))>
      <InstallButton />
    </WithStyles(ForwardRef(Toolbar))>
  </WithStyles(ForwardRef(AppBar))>
  <Styled(WithStyles(ForwardRef(Grid)))
    container={true}
    justify="center"
    spacing={0}
  >
    <WithStyles(ForwardRef(Grid))
      item={true}
      md={6}
      sm={8}
      xs={12}
    >
      <div>
        content
      </div>
    </WithStyles(ForwardRef(Grid))>
  </Styled(WithStyles(ForwardRef(Grid)))>
</styled.div>
`;
