// Jest Snapshot v1, https://goo.gl/fbAQLP

exports[`<SearchForm /> matches the snapshot 1`] = `
<SearchForm
  searchForPokemon={[Function]}
  store={
    Object {
      "dispatch": [Function],
      "getState": [Function],
      "replaceReducer": [Function],
      "subscribe": [Function],
      Symbol(observable): [Function],
    }
  }
/>
`;
